
Geek-Institute@Geek-Institute-00 MINGW64 ~
$ git --version
git version 2.46.2.windows.1

Geek-Institute@Geek-Institute-00 MINGW64 ~
$ pwd
/c/Users/Geek-Institute

Geek-Institute@Geek-Institute-00 MINGW64 ~
$ ls
 AppData/
'Application Data'@
 Contacts/
 Cookies@
 Desktop/
 Documents/
 Downloads/
 Favorites/
 IntelGraphicsProfiles/
 Links/
'Local Settings'@
 Music/
'My Documents'@
 NTUSER.DAT
 NTUSER.DAT{0680e1ba-8af9-11ee-b3e5-f09e4a7e8eee}.TM.blf
 NTUSER.DAT{0680e1ba-8af9-11ee-b3e5-f09e4a7e8eee}.TMContainer00000000000000000001.regtrans-ms
 NTUSER.DAT{0680e1ba-8af9-11ee-b3e5-f09e4a7e8eee}.TMContainer00000000000000000002.regtrans-ms
 NetHood@
 OneDrive/
 PrintHood@
 Recent@
'Saved Games'/
 Searches/
 SendTo@
'Start Menu'@
 Templates@
 Videos/
 ntuser.dat.LOG1
 ntuser.dat.LOG2
 ntuser.ini

Geek-Institute@Geek-Institute-00 MINGW64 ~
$ cd Desktop/

Geek-Institute@Geek-Institute-00 MINGW64 ~/Desktop
$ ls
 1_tl3B9CRamhIw54usIfXubw.png   Doubts.txt   HTML/  'Visual Studio Code.lnk'*   desktop.ini
'Digistump Drivers'/            GitClass/    PPT/    data/

Geek-Institute@Geek-Institute-00 MINGW64 ~/Desktop
$ mkdir abcd

Geek-Institute@Geek-Institute-00 MINGW64 ~/Desktop
$ cd abcd

Geek-Institute@Geek-Institute-00 MINGW64 ~/Desktop/abcd
$ ls

Geek-Institute@Geek-Institute-00 MINGW64 ~/Desktop/abcd
$ touch data.txt index.html style.css

Geek-Institute@Geek-Institute-00 MINGW64 ~/Desktop/abcd
$ ls
data.txt  index.html  style.css

Geek-Institute@Geek-Institute-00 MINGW64 ~/Desktop/abcd
$ cd ..

Geek-Institute@Geek-Institute-00 MINGW64 ~/Desktop
$ rmdir abcd
rmdir: failed to remove 'abcd': Directory not empty

Geek-Institute@Geek-Institute-00 MINGW64 ~/Desktop
$ rm -rf abcd/

Geek-Institute@Geek-Institute-00 MINGW64 ~/Desktop
$ mv data/ abcd

Geek-Institute@Geek-Institute-00 MINGW64 ~/Desktop
$ cd abcd/

Geek-Institute@Geek-Institute-00 MINGW64 ~/Desktop/abcd
$ ls
asdasd.pdf

Geek-Institute@Geek-Institute-00 MINGW64 ~/Desktop/abcd
$ cp asdasd.pdf ../

Geek-Institute@Geek-Institute-00 MINGW64 ~/Desktop/abcd
$ ls
asdasd.pdf

Geek-Institute@Geek-Institute-00 MINGW64 ~/Desktop/abcd
$ rm -rf asdasd.pdf

Geek-Institute@Geek-Institute-00 MINGW64 ~/Desktop/abcd
$ cd ..

Geek-Institute@Geek-Institute-00 MINGW64 ~/Desktop
$ mv asdasd.pdf abcd/

Geek-Institute@Geek-Institute-00 MINGW64 ~/Desktop
$ touch names.txt

Geek-Institute@Geek-Institute-00 MINGW64 ~/Desktop
$ notepad names.txt

Geek-Institute@Geek-Institute-00 MINGW64 ~/Desktop
$ cat names.txt
Abhishek
Aman
Harsh
Ayush
Aditi
Anjali
Shubham
Anushka
Rohit
Saurabh
Muskan
Rahul
Utkarsh
Vaibhav
Amit
Saumya
Rishabh
Shruti
Himanshu
Kajal
Ankit
Gaurav
Nikhil
Siddharth
Prashant
Priya
Harshit
Shashank
Akash
Varun
Yash
Shreya
Harshita
Anurag
Vivek
Swati
Vishal
Aditya
Nidhi
Ayushi
Krishna
Anshika
Sakshi
Shivani
Prakhar
Mansi

Geek-Institute@Geek-Institute-00 MINGW64 ~/Desktop
$ head names.txt
Abhishek
Aman
Harsh
Ayush
Aditi
Anjali
Shubham
Anushka
Rohit
Saurabh

Geek-Institute@Geek-Institute-00 MINGW64 ~/Desktop
$ head -n 5 names.txt
Abhishek
Aman
Harsh
Ayush
Aditi

Geek-Institute@Geek-Institute-00 MINGW64 ~/Desktop
$ head tail names.txt
head: cannot open 'tail' for reading: No such file or directory
==> names.txt <==
Abhishek
Aman
Harsh
Ayush
Aditi
Anjali
Shubham
Anushka
Rohit
Saurabh

Geek-Institute@Geek-Institute-00 MINGW64 ~/Desktop
$ tail names.txt
Parijat
Ratnesh
Kritagya
Shalvi
Sankalp
Prasoon
Madhusudan
Prastuti
Rampratap
Madhukar
Geek-Institute@Geek-Institute-00 MINGW64 ~/Desktop
$ tail -n 20 names.txt
Sheesh
Kundan
Manush
Paakhi
Madan
Gundeep
Gauri
Ifra
Jaypreet
Iskand
Parijat
Ratnesh
Kritagya
Shalvi
Sankalp
Prasoon
Madhusudan
Prastuti
Rampratap
Madhukar
Geek-Institute@Geek-Institute-00 MINGW64 ~/Desktop
$ ^C

Geek-Institute@Geek-Institute-00 MINGW64 ~/Desktop
$ Âƒ
